[backblue.gif]
[fade.gif]
[index.html]
[www.smartgraphics.be/cava/images/logos/cava.ico]
[www.smartgraphics.be/cava/js/jquery-1.4.4.min.js]
[www.smartgraphics.be/cava/js/jquery.simpletooltip-min.js]
[www.smartgraphics.be/cava/js/s3Slider.js]
[www.smartgraphics.be/cava/images/deco/cadena.png]
[www.smartgraphics.be/cava/images/deco/cave1_slider.jpg]
[www.smartgraphics.be/cava/images/deco/vignes2_slider.jpg]
[www.smartgraphics.be/cava/images/deco/satisfaction3_slider.jpg]
[www.smartgraphics.be/cava/images/deco/test5.png]
[www.smartgraphics.be/cava/images/deco/details.png]
[www.smartgraphics.be/cava/images/deco/icone_livraisons.png]
[www.smartgraphics.be/cava/images/deco/icone_conseils.png]
[www.smartgraphics.be/cava/images/deco/icone_authenticite.png]
[www.smartgraphics.be/cava/images/deco/twitter.png]
[www.smartgraphics.be/cava/images/deco/facebook.png]
[www.smartgraphics.be/cava/index.html]
[www.smartgraphics.be/cava/images/logos/logo_cava_header.PNG]
[www.smartgraphics.be/cava/images/deco/ombre.png]
[www.smartgraphics.be/cava/images/deco/bg_footer.gif]
[www.smartgraphics.be/cava/css/cavaStyle.css]
[www.smartgraphics.be/cava/css/cavaSlider.css]
[www.smartgraphics.be/cava/index-2.html]
[www.smartgraphics.be/cava/inscription.html]
[www.smartgraphics.be/cava/images/deco/test3.jpg]
[www.smartgraphics.be/cava/images/deco/test4.jpg]
[www.smartgraphics.be/cava/nosvins.html]
[www.smartgraphics.be/cava/philosophie.html]
[www.smartgraphics.be/cava/images/deco/dom1.jpg]
[www.smartgraphics.be/cava/images/deco/dom2.jpg]
[www.smartgraphics.be/cava/images/deco/dom3.jpg]
[www.smartgraphics.be/cava/domaines.html]
[www.smartgraphics.be/cava/contact.html]
[www.smartgraphics.be/cava/descriptif_vin.html]
[www.smartgraphics.be/cava/livraisons_commandes.html]
[www.smartgraphics.be/cava/conseils.html]
[www.smartgraphics.be/cava/vins_authentiques.html]
[www.smartgraphics.be/cava/conditions_generales.html]
[www.smartgraphics.be/cava/rouges.html]
[www.smartgraphics.be/cava/blancs.html]
[www.smartgraphics.be/cava/rosés.html]
[www.smartgraphics.be/cava/bordeaux.html]
[www.smartgraphics.be/cava/medoc.html]
[www.smartgraphics.be/cava/cabernet.html]
[www.smartgraphics.be/cava/sauvignon.html]
